// Jest Snapshot v1, https://goo.gl/fbAQLP

exports[`Pruebas en <GifItem /> debe hacer match con el snapshot 1`] = `
<div>
  <div
    class="card"
  >
    <p>
      ID. 
    </p>
    <img
      alt="Hi"
      src="https://api.com/"
    />
    <p>
      Hi
    </p>
  </div>
</div>
`;
